
 Start  Stop   Length Name               Class

 00000H 09F53H 09F54H _TEXT              CODE
 09F60H 0F239H 052DAH _DATA              DATA
 0F23AH 0F23DH 00004H _EMUSEG            DATA
 0F23EH 0F23FH 00002H _CRTSEG            DATA
 0F240H 0F240H 00000H _CVTSEG            DATA
 0F240H 0F240H 00000H _SCNSEG            DATA
 0F240H 15EFBH 06CBCH _BSS               BSS
 15EFCH 15EFCH 00000H _BSSEND            STACK
 15F00H 15F7FH 00080H _STACK             STACK

  Address         Publics by Name

 0000:01F8       DGROUP@
 09F6:0188       emws_adjust
 09F6:018C       emws_BPsafe
 09F6:0184       emws_control
 09F6:018A       emws_fixSeg
 09F6:016E       emws_initialSP
 09F6:00AE       emws_limitSP
 09F6:017E       emws_nmiVector
 09F6:017A       emws_saveVector
 09F6:018E       emws_stamp
 09F6:0182       emws_status
 09F6:0186       emws_TOS
 09F6:0192       emws_version
 0000:98F5       LDIV@
 0000:98FE       LMOD@
 0000:98F9       LUDIV@
 0000:9903       LUMOD@
 0000:9A32       LXLSH@
 0000:8CDB       LXMUL@
 0000:9A51       LXURSH@
 0000:9AD1       OVERFLOW@
 0000:9ADF       SCOPY@
 0000:01E2       _abort
 09F6:564A       _access_flags
 09F6:5512       _ascii_cd_number
 0000:5AED       _ASCII_CD_Number
 0000:5E95       _Ask_Label
 0000:5C14       _Ask_User_To_Insert_Disk
 0000:886A       _atexit
 0000:8FB9       _atoi
 0000:8F47       _atol
 0000:4DA9       _BadClustPreserve
 0000:549F       _BadClustPreserve12
 0000:51AD       _BadClustPreserve16
 0000:4DEE       _BadClustPreserve32
 09F6:564C       _bad_sector_map
 09F6:5542       _bad_sector_map_pointer
 09F6:0194       _boot_code
 09F6:01BD       _boot_message
 0000:8A3A       _brk
 09F6:55A1       _bs_ext
 09F6:55BB       _bs_start
 0000:8FC7       _chdir
 0000:2DF4       _Check_For_Format
 0000:2CF8       _Check_Remote_Subst
 0000:4D81       _check_too_bad
 0000:6AC4       _Clear_Huge_Sector_Buffer
 0000:0838       _Clear_Reserved_Sectors
 0000:6AF2       _Clear_Sector_Buffer
 0000:124A       _Compute_Interleave_Factor
 0000:1301       _Compute_Sector_Skew
 0000:5C6B       _Confirm_Hard_Drive_Formatting
 0000:8FF8       _country
 0000:042B       _Create_Boot_Sect_Ext
 0000:03DF       _Create_Boot_Sect_Start
 0000:0227       _Create_File_System
 0000:054C       _Create_FS_Info_Sector
 0000:0936       _Create_Serial_Number
 0000:5FAC       _Critical_Error_Handler
 09F6:5544       _ddpt
 0000:172B       _ddptPrinter
 09F6:1A16       _debug_prog
 0000:641A       _Display_Drive_Statistics
 0000:683C       _Display_Help_Screen
 0000:67C3       _Display_Invalid_Combination
 0000:6A44       _Display_Percentage_Formatted
 0000:6D6D       _Drive_IO
 09F6:06DA       _drive_specs
 09F6:5522       _drive_statistics
 0000:6F43       _Enable_Disk_Access
 09F6:0088       _environ
 09F6:0094       _errno
 0000:6B20       _Exit
 0000:8700       _exit
 0000:01FA       _E_memcpy
 0000:70B2       _FAT32_AbsReadWrite
 09F6:54E0       _file_sys_info
 0000:94E9       _findfirst
 0000:950B       _findnext
 0000:72D6       _FloppyBootReadWrite
 0000:95AF       _fnsplit
 0000:288F       _Force_Drive_Recheck
 0000:139F       _Format_Floppy_Cylinder
 0000:8F20       _free
 0000:571F       _fstrlen
 0000:9729       _getcurdir
 0000:8FDF       _getdisk
 0000:9746       _getenv
 0000:7397       _getopt
 0000:253E       _Get_Device_Parameters
 0000:069C       _Get_FS_Info
 09F6:49D2       _huge_sector_buffer
 09F6:6AAC       _huge_sector_buffer_0
 09F6:94AC       _huge_sector_buffer_1
 0000:6A98       _IllegalArg
 0000:7512       _Initialization
 0000:97A7       _int86
 0000:97CE       _int86x
 0000:986C       _intdos
 0000:9890       _intdosx
 0000:8A5A       _isatty
 0000:5E47       _isLabelChar
 0000:7783       _Is_Even
 0000:8C6F       _itoa
 0000:67E4       _Key_For_Next_Page
 0000:6B71       _Lock_Unlock_Drive
 09F6:55C6       _low_level
 0000:8BC5       _lseek
 0000:8CB4       _ltoa
 0000:3001       _main
 0000:896F       _malloc
 0000:9A70       _memcmp
 0000:8DA8       _memcpy
 0000:8DF1       _memset
 0000:3ABB       _MMapWrite
 0000:9A9D       _movedata
 0000:80E4       _my_getch
 0000:80BE       _my_kbhit
 09F6:BEAC       _optarg
 09F6:4C78       _opterr
 09F6:4C76       _optind
 09F6:5558       _param
 09F6:6650       _parameter_block
 09F6:5502       _partition_label
 0000:5876       _printf
 0000:77B3       _Record_Bad_Clusters
 0000:77F9       _Record_Bad_Clusters_FAT12
 0000:7B0F       _Record_Bad_Clusters_FAT16
 0000:7DD2       _Record_Bad_Clusters_FAT32
 09F6:5548       _regs
 0000:1222       _RestoreDDPT
 0000:4763       _Restore_File_System
 09F6:54F4       _SavedDDPT
 0000:11F4       _SaveDDPT
 0000:3B17       _Save_File_System
 0000:8A48       _sbrk
 09F6:54FF       _Sddpt
 0000:9D3B       _searchpath
 09F6:49CE       _sector_buffer
 09F6:66AC       _sector_buffer_0
 09F6:68AC       _sector_buffer_1
 0000:9D4C       _segread
 0000:8FE8       _setdisk
 0000:8DC9       _setmem
 0000:772C       _Setup_DDPT
 0000:1863       _Set_Floppy_Media_Type
 0000:2937       _Set_Hard_Drive_Media_Parameters
 0000:9E13       _spawnl
 0000:58A4       _sprintf
 09F6:5599       _sregs
 0000:9E53       _stpcpy
 0000:8CF4       _strcat
 0000:8D30       _strchr
 0000:8D84       _strcpy
 0000:9E7A       _stricmp
 0000:8D67       _strlen
 0000:9EBC       _strncmp
 0000:9EF5       _strncpy
 0000:716B       _TE_AbsReadWrite
 0000:9F23       _toupper
 0000:8C98       _ultoa
 0000:812B       _Unconditional_Floppy_Format
 0000:810A       _Unconditional_Format
 0000:8263       _Unconditional_Hard_Disk_Format
 0000:7762       _unusable_wimp
 0000:8A6C       _write
 0000:0A61       _Write_Boot_Sectors
 0000:0C6D       _Write_FAT_Tables
 0000:0FFE       _Write_Root_Directory
 0000:2F59       _Write_System_Files
 09F6:0096       __8087
 09F6:0084       __argc
 09F6:0086       __argv
 09F6:519E       __atexitcnt
 09F6:BEAE       __atexittbl
 09F6:00A6       __brklvl
 09F6:51A0       __ctype
 0000:9012       __DOSCMD
 0000:90C2       __DOSENV
 09F6:5138       __doserrno
 09F6:513A       __dosErrorToSV
 09F6:008A       __envLng
 09F6:008C       __envseg
 09F6:008E       __envSize
 0000:930E       __exec
 0000:0121       __exit
 09F6:5194       __exitbuf
 09F6:5196       __exitfopen
 09F6:5198       __exitopen
 09F6:00A2       __heapbase
 09F6:519A       __heaplen
 09F6:00AA       __heaptop
 09F6:0074       __Int0Vector
 09F6:0078       __Int4Vector
 09F6:007C       __Int5Vector
 09F6:0080       __Int6Vector
 0000:86C4       __IOERROR
 0000:9998       __LoadProg
 0000:8BF0       __LONGTOA
 09F6:52A2       __openfd
 09F6:0092       __osmajor
 09F6:0093       __osminor
 09F6:0090       __psp
 09F6:52E0       __RealCvtVector
 0000:01A5       __restorezero
 09F6:52E0       __ScanTodVector
 0000:9BD2       __SEARCHPATH
 0000:8735       __setargv
 0000:8820       __setenvp
 0000:9D65       __spawn
 09F6:0098       __StartTime
 09F6:519C       __stklen
 09F6:0092       __version
 0000:8B7F       __write
 0000:89E2       ___brk
 09F6:009E       ___brklvl
 09F6:BEF2       ___first
 09F6:009C       ___heapbase
 09F6:00A0       ___heaptop
 09F6:BEEE       ___last
 0000:8890       ___pull_free_block
 09F6:BEF0       ___rover
 0000:8A06       ___sbrk

  Address         Publics by Value

 0000:0121       __exit
 0000:01A5       __restorezero
 0000:01E2       _abort
 0000:01F8       DGROUP@
 0000:01FA       _E_memcpy
 0000:0227       _Create_File_System
 0000:03DF       _Create_Boot_Sect_Start
 0000:042B       _Create_Boot_Sect_Ext
 0000:054C       _Create_FS_Info_Sector
 0000:069C       _Get_FS_Info
 0000:0838       _Clear_Reserved_Sectors
 0000:0936       _Create_Serial_Number
 0000:0A61       _Write_Boot_Sectors
 0000:0C6D       _Write_FAT_Tables
 0000:0FFE       _Write_Root_Directory
 0000:11F4       _SaveDDPT
 0000:1222       _RestoreDDPT
 0000:124A       _Compute_Interleave_Factor
 0000:1301       _Compute_Sector_Skew
 0000:139F       _Format_Floppy_Cylinder
 0000:172B       _ddptPrinter
 0000:1863       _Set_Floppy_Media_Type
 0000:253E       _Get_Device_Parameters
 0000:288F       _Force_Drive_Recheck
 0000:2937       _Set_Hard_Drive_Media_Parameters
 0000:2CF8       _Check_Remote_Subst
 0000:2DF4       _Check_For_Format
 0000:2F59       _Write_System_Files
 0000:3001       _main
 0000:3ABB       _MMapWrite
 0000:3B17       _Save_File_System
 0000:4763       _Restore_File_System
 0000:4D81       _check_too_bad
 0000:4DA9       _BadClustPreserve
 0000:4DEE       _BadClustPreserve32
 0000:51AD       _BadClustPreserve16
 0000:549F       _BadClustPreserve12
 0000:571F       _fstrlen
 0000:5876       _printf
 0000:58A4       _sprintf
 0000:5AED       _ASCII_CD_Number
 0000:5C14       _Ask_User_To_Insert_Disk
 0000:5C6B       _Confirm_Hard_Drive_Formatting
 0000:5E47       _isLabelChar
 0000:5E95       _Ask_Label
 0000:5FAC       _Critical_Error_Handler
 0000:641A       _Display_Drive_Statistics
 0000:67C3       _Display_Invalid_Combination
 0000:67E4       _Key_For_Next_Page
 0000:683C       _Display_Help_Screen
 0000:6A44       _Display_Percentage_Formatted
 0000:6A98       _IllegalArg
 0000:6AC4       _Clear_Huge_Sector_Buffer
 0000:6AF2       _Clear_Sector_Buffer
 0000:6B20       _Exit
 0000:6B71       _Lock_Unlock_Drive
 0000:6D6D       _Drive_IO
 0000:6F43       _Enable_Disk_Access
 0000:70B2       _FAT32_AbsReadWrite
 0000:716B       _TE_AbsReadWrite
 0000:72D6       _FloppyBootReadWrite
 0000:7397       _getopt
 0000:7512       _Initialization
 0000:772C       _Setup_DDPT
 0000:7762       _unusable_wimp
 0000:7783       _Is_Even
 0000:77B3       _Record_Bad_Clusters
 0000:77F9       _Record_Bad_Clusters_FAT12
 0000:7B0F       _Record_Bad_Clusters_FAT16
 0000:7DD2       _Record_Bad_Clusters_FAT32
 0000:80BE       _my_kbhit
 0000:80E4       _my_getch
 0000:810A       _Unconditional_Format
 0000:812B       _Unconditional_Floppy_Format
 0000:8263       _Unconditional_Hard_Disk_Format
 0000:86C4       __IOERROR
 0000:8700       _exit
 0000:8735       __setargv
 0000:8820       __setenvp
 0000:886A       _atexit
 0000:8890       ___pull_free_block
 0000:896F       _malloc
 0000:89E2       ___brk
 0000:8A06       ___sbrk
 0000:8A3A       _brk
 0000:8A48       _sbrk
 0000:8A5A       _isatty
 0000:8A6C       _write
 0000:8B7F       __write
 0000:8BC5       _lseek
 0000:8BF0       __LONGTOA
 0000:8C6F       _itoa
 0000:8C98       _ultoa
 0000:8CB4       _ltoa
 0000:8CDB       LXMUL@
 0000:8CF4       _strcat
 0000:8D30       _strchr
 0000:8D67       _strlen
 0000:8D84       _strcpy
 0000:8DA8       _memcpy
 0000:8DC9       _setmem
 0000:8DF1       _memset
 0000:8F20       _free
 0000:8F47       _atol
 0000:8FB9       _atoi
 0000:8FC7       _chdir
 0000:8FDF       _getdisk
 0000:8FE8       _setdisk
 0000:8FF8       _country
 0000:9012       __DOSCMD
 0000:90C2       __DOSENV
 0000:930E       __exec
 0000:94E9       _findfirst
 0000:950B       _findnext
 0000:95AF       _fnsplit
 0000:9729       _getcurdir
 0000:9746       _getenv
 0000:97A7       _int86
 0000:97CE       _int86x
 0000:986C       _intdos
 0000:9890       _intdosx
 0000:98F5       LDIV@
 0000:98F9       LUDIV@
 0000:98FE       LMOD@
 0000:9903       LUMOD@
 0000:9998       __LoadProg
 0000:9A32       LXLSH@
 0000:9A51       LXURSH@
 0000:9A70       _memcmp
 0000:9A9D       _movedata
 0000:9AD1       OVERFLOW@
 0000:9ADF       SCOPY@
 0000:9BD2       __SEARCHPATH
 0000:9D3B       _searchpath
 0000:9D4C       _segread
 0000:9D65       __spawn
 0000:9E13       _spawnl
 0000:9E53       _stpcpy
 0000:9E7A       _stricmp
 0000:9EBC       _strncmp
 0000:9EF5       _strncpy
 0000:9F23       _toupper
 09F6:0074       __Int0Vector
 09F6:0078       __Int4Vector
 09F6:007C       __Int5Vector
 09F6:0080       __Int6Vector
 09F6:0084       __argc
 09F6:0086       __argv
 09F6:0088       _environ
 09F6:008A       __envLng
 09F6:008C       __envseg
 09F6:008E       __envSize
 09F6:0090       __psp
 09F6:0092       __version
 09F6:0092       __osmajor
 09F6:0093       __osminor
 09F6:0094       _errno
 09F6:0096       __8087
 09F6:0098       __StartTime
 09F6:009C       ___heapbase
 09F6:009E       ___brklvl
 09F6:00A0       ___heaptop
 09F6:00A2       __heapbase
 09F6:00A6       __brklvl
 09F6:00AA       __heaptop
 09F6:00AE       emws_limitSP
 09F6:016E       emws_initialSP
 09F6:017A       emws_saveVector
 09F6:017E       emws_nmiVector
 09F6:0182       emws_status
 09F6:0184       emws_control
 09F6:0186       emws_TOS
 09F6:0188       emws_adjust
 09F6:018A       emws_fixSeg
 09F6:018C       emws_BPsafe
 09F6:018E       emws_stamp
 09F6:0192       emws_version
 09F6:0194       _boot_code
 09F6:01BD       _boot_message
 09F6:06DA       _drive_specs
 09F6:1A16       _debug_prog
 09F6:49CE       _sector_buffer
 09F6:49D2       _huge_sector_buffer
 09F6:4C76       _optind
 09F6:4C78       _opterr
 09F6:5138       __doserrno
 09F6:513A       __dosErrorToSV
 09F6:5194       __exitbuf
 09F6:5196       __exitfopen
 09F6:5198       __exitopen
 09F6:519A       __heaplen
 09F6:519C       __stklen
 09F6:519E       __atexitcnt
 09F6:51A0       __ctype
 09F6:52A2       __openfd
 09F6:52E0       __ScanTodVector
 09F6:52E0       __RealCvtVector
 09F6:54E0       _file_sys_info
 09F6:54F4       _SavedDDPT
 09F6:54FF       _Sddpt
 09F6:5502       _partition_label
 09F6:5512       _ascii_cd_number
 09F6:5522       _drive_statistics
 09F6:5542       _bad_sector_map_pointer
 09F6:5544       _ddpt
 09F6:5548       _regs
 09F6:5558       _param
 09F6:5599       _sregs
 09F6:55A1       _bs_ext
 09F6:55BB       _bs_start
 09F6:55C6       _low_level
 09F6:564A       _access_flags
 09F6:564C       _bad_sector_map
 09F6:6650       _parameter_block
 09F6:66AC       _sector_buffer_0
 09F6:68AC       _sector_buffer_1
 09F6:6AAC       _huge_sector_buffer_0
 09F6:94AC       _huge_sector_buffer_1
 09F6:BEAC       _optarg
 09F6:BEAE       __atexittbl
 09F6:BEEE       ___last
 09F6:BEF0       ___rover
 09F6:BEF2       ___first

Program entry point at 0000:0000

